  Determinando los proyectos que se van a restaurar...
D:\mio\DEV\SistemaCalidad\SistemaCalidad.Api\SistemaCalidad.Api.csproj : warning NU1603: SistemaCalidad.Api depende de AWSSDK.S3 (>= 3.7.400.10), pero no se encontró AWSSDK.S3 3.7.400.10. AWSSDK.S3 3.7.401 se resolvió en su lugar.
  Todos los proyectos están actualizados para la restauración.
D:\mio\DEV\SistemaCalidad\SistemaCalidad.Api\SistemaCalidad.Api.csproj : warning NU1603: SistemaCalidad.Api depende de AWSSDK.S3 (>= 3.7.400.10), pero no se encontró AWSSDK.S3 3.7.400.10. AWSSDK.S3 3.7.401 se resolvió en su lugar.
D:\mio\DEV\SistemaCalidad\SistemaCalidad.Api\Controllers\DocumentosController.cs(184,66): error CS1503: Argumento 1: no se puede convertir de 'System.IO.Stream' a 'byte[]' [D:\mio\DEV\SistemaCalidad\SistemaCalidad.Api\SistemaCalidad.Api.csproj]
D:\mio\DEV\SistemaCalidad\SistemaCalidad.Api\Program.cs(98,80): warning CS8604: Posible argumento de referencia nulo para el parámetro "s" en "byte[] Encoding.GetBytes(string s)". [D:\mio\DEV\SistemaCalidad\SistemaCalidad.Api\SistemaCalidad.Api.csproj]
D:\mio\DEV\SistemaCalidad\SistemaCalidad.Api\Controllers\UsuariosController.cs(45,18): warning EF1002: Method 'FromSqlRaw' inserts interpolated strings directly into the SQL, without any protection against SQL injection. Consider using 'FromSql' instead, which protects against SQL injection, or make sure that the value is sanitized and suppress the warning. [D:\mio\DEV\SistemaCalidad\SistemaCalidad.Api\SistemaCalidad.Api.csproj]

ERROR al compilar.

D:\mio\DEV\SistemaCalidad\SistemaCalidad.Api\SistemaCalidad.Api.csproj : warning NU1603: SistemaCalidad.Api depende de AWSSDK.S3 (>= 3.7.400.10), pero no se encontró AWSSDK.S3 3.7.400.10. AWSSDK.S3 3.7.401 se resolvió en su lugar.
D:\mio\DEV\SistemaCalidad\SistemaCalidad.Api\SistemaCalidad.Api.csproj : warning NU1603: SistemaCalidad.Api depende de AWSSDK.S3 (>= 3.7.400.10), pero no se encontró AWSSDK.S3 3.7.400.10. AWSSDK.S3 3.7.401 se resolvió en su lugar.
D:\mio\DEV\SistemaCalidad\SistemaCalidad.Api\Program.cs(98,80): warning CS8604: Posible argumento de referencia nulo para el parámetro "s" en "byte[] Encoding.GetBytes(string s)". [D:\mio\DEV\SistemaCalidad\SistemaCalidad.Api\SistemaCalidad.Api.csproj]
D:\mio\DEV\SistemaCalidad\SistemaCalidad.Api\Controllers\UsuariosController.cs(45,18): warning EF1002: Method 'FromSqlRaw' inserts interpolated strings directly into the SQL, without any protection against SQL injection. Consider using 'FromSql' instead, which protects against SQL injection, or make sure that the value is sanitized and suppress the warning. [D:\mio\DEV\SistemaCalidad\SistemaCalidad.Api\SistemaCalidad.Api.csproj]
D:\mio\DEV\SistemaCalidad\SistemaCalidad.Api\Controllers\DocumentosController.cs(184,66): error CS1503: Argumento 1: no se puede convertir de 'System.IO.Stream' a 'byte[]' [D:\mio\DEV\SistemaCalidad\SistemaCalidad.Api\SistemaCalidad.Api.csproj]
    4 Advertencia(s)
    1 Errores

Tiempo transcurrido 00:00:01.06
